exports[`test should render correctly 1`] = `
<h2
  className="dGjojK">
  Hi
  World
  , this is an example for rendering React on the client.
</h2>
`;
