// Jest Snapshot v1, https://goo.gl/fbAQLP

exports[`should render correctly 1`] = `"<h2>Hi World, this is an example for rendering Preact on the client.</h2>"`;
